2025-12-07 23:32:43,183 - utils_table.py - transactions_data_xlsx - INFO - Начало работы функции
2025-12-07 23:32:43,183 - utils_table.py - transactions_data_xlsx - INFO - Читаем xlsx файл
2025-12-07 23:32:43,383 - utils_table.py - transactions_data_xlsx - INFO - Работа функции завершилась успешно
2025-12-07 23:33:14,621 - masks.py - get_mask_card_number - INFO - Начало работы функции маскировки номера карты
2025-12-07 23:33:14,621 - masks.py - get_mask_card_number - INFO - Работа функции маскировки номера карты завершилась успешно
2025-12-07 23:33:14,621 - masks.py - get_mask_card_number - INFO - Начало работы функции маскировки номера карты
2025-12-07 23:33:14,621 - masks.py - get_mask_card_number - INFO - Работа функции маскировки номера карты завершилась успешно
2025-12-07 23:33:14,621 - masks.py - get_mask_card_number - INFO - Начало работы функции маскировки номера карты
2025-12-07 23:33:14,621 - masks.py - get_mask_card_number - INFO - Работа функции маскировки номера карты завершилась успешно
2025-12-07 23:33:14,621 - masks.py - get_mask_card_number - INFO - Начало работы функции маскировки номера карты
2025-12-07 23:33:14,621 - masks.py - get_mask_card_number - INFO - Работа функции маскировки номера карты завершилась успешно
2025-12-07 23:33:14,621 - masks.py - get_mask_card_number - INFO - Начало работы функции маскировки номера карты
2025-12-07 23:33:14,621 - masks.py - get_mask_card_number - INFO - Работа функции маскировки номера карты завершилась успешно
2025-12-07 23:33:14,621 - masks.py - get_mask_account - INFO - Начало работы функции маскировки номера счёта
2025-12-07 23:33:14,621 - masks.py - get_mask_account - INFO - Работа функции маскировки номера счёта завершилась успешно
2025-12-07 23:33:14,621 - masks.py - get_mask_account - INFO - Начало работы функции маскировки номера счёта
2025-12-07 23:33:14,622 - masks.py - get_mask_account - INFO - Работа функции маскировки номера счёта завершилась успешно
2025-12-07 23:33:14,622 - masks.py - get_mask_account - INFO - Начало работы функции маскировки номера счёта
2025-12-07 23:33:14,622 - masks.py - get_mask_account - INFO - Работа функции маскировки номера счёта завершилась успешно
2025-12-07 23:33:14,622 - masks.py - get_mask_card_number - INFO - Начало работы функции маскировки номера карты
2025-12-07 23:33:14,622 - masks.py - get_mask_card_number - INFO - Работа функции маскировки номера карты завершилась успешно
2025-12-07 23:33:14,622 - masks.py - get_mask_card_number - INFO - Начало работы функции маскировки номера карты
2025-12-07 23:33:14,622 - masks.py - get_mask_card_number - INFO - Работа функции маскировки номера карты завершилась успешно
2025-12-07 23:33:14,622 - masks.py - get_mask_card_number - INFO - Начало работы функции маскировки номера карты
2025-12-07 23:33:14,622 - masks.py - get_mask_card_number - INFO - Работа функции маскировки номера карты завершилась успешно
2025-12-07 23:33:14,622 - masks.py - get_mask_card_number - INFO - Начало работы функции маскировки номера карты
2025-12-07 23:33:14,622 - masks.py - get_mask_card_number - INFO - Работа функции маскировки номера карты завершилась успешно
2025-12-07 23:33:14,622 - masks.py - get_mask_card_number - INFO - Начало работы функции маскировки номера карты
2025-12-07 23:33:14,622 - masks.py - get_mask_card_number - INFO - Работа функции маскировки номера карты завершилась успешно
2025-12-07 23:33:14,622 - masks.py - get_mask_card_number - INFO - Начало работы функции маскировки номера карты
2025-12-07 23:33:14,622 - masks.py - get_mask_card_number - INFO - Работа функции маскировки номера карты завершилась успешно
2025-12-07 23:33:14,622 - masks.py - get_mask_account - INFO - Начало работы функции маскировки номера счёта
2025-12-07 23:33:14,623 - masks.py - get_mask_account - INFO - Работа функции маскировки номера счёта завершилась успешно
2025-12-07 23:33:14,623 - masks.py - get_mask_account - INFO - Начало работы функции маскировки номера счёта
2025-12-07 23:33:14,623 - masks.py - get_mask_account - INFO - Работа функции маскировки номера счёта завершилась успешно
2025-12-07 23:33:14,623 - masks.py - get_mask_card_number - INFO - Начало работы функции маскировки номера карты
2025-12-07 23:33:14,623 - masks.py - get_mask_card_number - INFO - Работа функции маскировки номера карты завершилась успешно
2025-12-07 23:33:14,623 - masks.py - get_mask_card_number - INFO - Начало работы функции маскировки номера карты
2025-12-07 23:33:14,623 - masks.py - get_mask_card_number - INFO - Работа функции маскировки номера карты завершилась успешно
2025-12-07 23:33:14,623 - masks.py - get_mask_card_number - INFO - Начало работы функции маскировки номера карты
2025-12-07 23:33:14,623 - masks.py - get_mask_card_number - INFO - Работа функции маскировки номера карты завершилась успешно
2025-12-07 23:33:14,623 - masks.py - get_mask_card_number - INFO - Начало работы функции маскировки номера карты
2025-12-07 23:33:14,623 - masks.py - get_mask_card_number - INFO - Работа функции маскировки номера карты завершилась успешно
2025-12-07 23:33:14,623 - masks.py - get_mask_account - INFO - Начало работы функции маскировки номера счёта
2025-12-07 23:33:14,623 - masks.py - get_mask_account - INFO - Работа функции маскировки номера счёта завершилась успешно
2025-12-07 23:33:14,623 - masks.py - get_mask_account - INFO - Начало работы функции маскировки номера счёта
2025-12-07 23:33:14,623 - masks.py - get_mask_account - INFO - Работа функции маскировки номера счёта завершилась успешно
2025-12-07 23:33:14,623 - masks.py - get_mask_card_number - INFO - Начало работы функции маскировки номера карты
2025-12-07 23:33:14,623 - masks.py - get_mask_card_number - INFO - Работа функции маскировки номера карты завершилась успешно
2025-12-07 23:33:14,623 - masks.py - get_mask_account - INFO - Начало работы функции маскировки номера счёта
2025-12-07 23:33:14,624 - masks.py - get_mask_account - INFO - Работа функции маскировки номера счёта завершилась успешно
2025-12-07 23:33:14,624 - masks.py - get_mask_card_number - INFO - Начало работы функции маскировки номера карты
2025-12-07 23:33:14,624 - masks.py - get_mask_card_number - INFO - Работа функции маскировки номера карты завершилась успешно
2025-12-07 23:33:14,624 - masks.py - get_mask_card_number - INFO - Начало работы функции маскировки номера карты
2025-12-07 23:33:14,624 - masks.py - get_mask_card_number - INFO - Работа функции маскировки номера карты завершилась успешно
2025-12-07 23:33:14,624 - masks.py - get_mask_card_number - INFO - Начало работы функции маскировки номера карты
2025-12-07 23:33:14,624 - masks.py - get_mask_card_number - INFO - Работа функции маскировки номера карты завершилась успешно
2025-12-07 23:33:14,624 - masks.py - get_mask_account - INFO - Начало работы функции маскировки номера счёта
2025-12-07 23:33:14,624 - masks.py - get_mask_account - INFO - Работа функции маскировки номера счёта завершилась успешно
2025-12-07 23:33:14,624 - masks.py - get_mask_card_number - INFO - Начало работы функции маскировки номера карты
2025-12-07 23:33:14,624 - masks.py - get_mask_card_number - INFO - Работа функции маскировки номера карты завершилась успешно
2025-12-07 23:33:14,624 - masks.py - get_mask_card_number - INFO - Начало работы функции маскировки номера карты
2025-12-07 23:33:14,624 - masks.py - get_mask_card_number - INFO - Работа функции маскировки номера карты завершилась успешно
2025-12-07 23:33:14,624 - masks.py - get_mask_card_number - INFO - Начало работы функции маскировки номера карты
2025-12-07 23:33:14,624 - masks.py - get_mask_card_number - INFO - Работа функции маскировки номера карты завершилась успешно
2025-12-07 23:33:14,624 - masks.py - get_mask_account - INFO - Начало работы функции маскировки номера счёта
2025-12-07 23:33:14,624 - masks.py - get_mask_account - INFO - Работа функции маскировки номера счёта завершилась успешно
2025-12-07 23:33:14,625 - masks.py - get_mask_account - INFO - Начало работы функции маскировки номера счёта
2025-12-07 23:33:14,625 - masks.py - get_mask_account - INFO - Работа функции маскировки номера счёта завершилась успешно
2025-12-07 23:33:14,625 - masks.py - get_mask_account - INFO - Начало работы функции маскировки номера счёта
2025-12-07 23:33:14,625 - masks.py - get_mask_account - INFO - Работа функции маскировки номера счёта завершилась успешно
2025-12-07 23:33:14,625 - masks.py - get_mask_card_number - INFO - Начало работы функции маскировки номера карты
2025-12-07 23:33:14,625 - masks.py - get_mask_card_number - INFO - Работа функции маскировки номера карты завершилась успешно
2025-12-07 23:33:14,625 - masks.py - get_mask_account - INFO - Начало работы функции маскировки номера счёта
2025-12-07 23:33:14,625 - masks.py - get_mask_account - INFO - Работа функции маскировки номера счёта завершилась успешно
2025-12-07 23:33:14,625 - masks.py - get_mask_card_number - INFO - Начало работы функции маскировки номера карты
2025-12-07 23:33:14,625 - masks.py - get_mask_card_number - INFO - Работа функции маскировки номера карты завершилась успешно
2025-12-07 23:33:14,625 - masks.py - get_mask_card_number - INFO - Начало работы функции маскировки номера карты
2025-12-07 23:33:14,625 - masks.py - get_mask_card_number - INFO - Работа функции маскировки номера карты завершилась успешно
2025-12-07 23:33:14,625 - masks.py - get_mask_account - INFO - Начало работы функции маскировки номера счёта
2025-12-07 23:33:14,625 - masks.py - get_mask_account - INFO - Работа функции маскировки номера счёта завершилась успешно
2025-12-07 23:33:14,625 - masks.py - get_mask_account - INFO - Начало работы функции маскировки номера счёта
2025-12-07 23:33:14,625 - masks.py - get_mask_account - INFO - Работа функции маскировки номера счёта завершилась успешно
2025-12-07 23:33:14,625 - masks.py - get_mask_card_number - INFO - Начало работы функции маскировки номера карты
2025-12-07 23:33:14,626 - masks.py - get_mask_card_number - INFO - Работа функции маскировки номера карты завершилась успешно
2025-12-07 23:33:14,626 - masks.py - get_mask_card_number - INFO - Начало работы функции маскировки номера карты
2025-12-07 23:33:14,626 - masks.py - get_mask_card_number - INFO - Работа функции маскировки номера карты завершилась успешно
2025-12-07 23:33:14,626 - masks.py - get_mask_card_number - INFO - Начало работы функции маскировки номера карты
2025-12-07 23:33:14,626 - masks.py - get_mask_card_number - INFO - Работа функции маскировки номера карты завершилась успешно
2025-12-07 23:33:14,626 - masks.py - get_mask_card_number - INFO - Начало работы функции маскировки номера карты
2025-12-07 23:33:14,626 - masks.py - get_mask_card_number - INFO - Работа функции маскировки номера карты завершилась успешно
2025-12-07 23:33:14,626 - masks.py - get_mask_card_number - INFO - Начало работы функции маскировки номера карты
2025-12-07 23:33:14,626 - masks.py - get_mask_card_number - INFO - Работа функции маскировки номера карты завершилась успешно
2025-12-07 23:33:14,626 - masks.py - get_mask_card_number - INFO - Начало работы функции маскировки номера карты
2025-12-07 23:33:14,626 - masks.py - get_mask_card_number - INFO - Работа функции маскировки номера карты завершилась успешно
2025-12-07 23:33:14,626 - masks.py - get_mask_card_number - INFO - Начало работы функции маскировки номера карты
2025-12-07 23:33:14,626 - masks.py - get_mask_card_number - INFO - Работа функции маскировки номера карты завершилась успешно
2025-12-07 23:33:14,626 - masks.py - get_mask_card_number - INFO - Начало работы функции маскировки номера карты
2025-12-07 23:33:14,626 - masks.py - get_mask_card_number - INFO - Работа функции маскировки номера карты завершилась успешно
2025-12-07 23:33:14,626 - masks.py - get_mask_card_number - INFO - Начало работы функции маскировки номера карты
2025-12-07 23:33:14,626 - masks.py - get_mask_card_number - INFO - Работа функции маскировки номера карты завершилась успешно
2025-12-07 23:33:14,626 - masks.py - get_mask_card_number - INFO - Начало работы функции маскировки номера карты
2025-12-07 23:33:14,627 - masks.py - get_mask_card_number - INFO - Работа функции маскировки номера карты завершилась успешно
2025-12-07 23:33:14,627 - masks.py - get_mask_card_number - INFO - Начало работы функции маскировки номера карты
2025-12-07 23:33:14,627 - masks.py - get_mask_card_number - INFO - Работа функции маскировки номера карты завершилась успешно
2025-12-07 23:33:14,627 - masks.py - get_mask_card_number - INFO - Начало работы функции маскировки номера карты
2025-12-07 23:33:14,627 - masks.py - get_mask_card_number - INFO - Работа функции маскировки номера карты завершилась успешно
2025-12-07 23:33:14,627 - masks.py - get_mask_card_number - INFO - Начало работы функции маскировки номера карты
2025-12-07 23:33:14,627 - masks.py - get_mask_card_number - INFO - Работа функции маскировки номера карты завершилась успешно
2025-12-07 23:33:14,627 - masks.py - get_mask_card_number - INFO - Начало работы функции маскировки номера карты
2025-12-07 23:33:14,627 - masks.py - get_mask_card_number - INFO - Работа функции маскировки номера карты завершилась успешно
2025-12-07 23:33:14,627 - masks.py - get_mask_account - INFO - Начало работы функции маскировки номера счёта
2025-12-07 23:33:14,627 - masks.py - get_mask_account - INFO - Работа функции маскировки номера счёта завершилась успешно
2025-12-07 23:33:14,627 - masks.py - get_mask_account - INFO - Начало работы функции маскировки номера счёта
2025-12-07 23:33:14,627 - masks.py - get_mask_account - INFO - Работа функции маскировки номера счёта завершилась успешно
2025-12-07 23:33:14,627 - masks.py - get_mask_account - INFO - Начало работы функции маскировки номера счёта
2025-12-07 23:33:14,627 - masks.py - get_mask_account - INFO - Работа функции маскировки номера счёта завершилась успешно
2025-12-07 23:33:14,627 - masks.py - get_mask_account - INFO - Начало работы функции маскировки номера счёта
2025-12-07 23:33:14,627 - masks.py - get_mask_account - INFO - Работа функции маскировки номера счёта завершилась успешно
2025-12-07 23:33:14,628 - masks.py - get_mask_card_number - INFO - Начало работы функции маскировки номера карты
2025-12-07 23:33:14,628 - masks.py - get_mask_card_number - INFO - Работа функции маскировки номера карты завершилась успешно
2025-12-07 23:33:14,628 - masks.py - get_mask_card_number - INFO - Начало работы функции маскировки номера карты
2025-12-07 23:33:14,628 - masks.py - get_mask_card_number - INFO - Работа функции маскировки номера карты завершилась успешно
2025-12-07 23:33:14,628 - masks.py - get_mask_card_number - INFO - Начало работы функции маскировки номера карты
2025-12-07 23:33:14,628 - masks.py - get_mask_card_number - INFO - Работа функции маскировки номера карты завершилась успешно
2025-12-07 23:33:14,628 - masks.py - get_mask_card_number - INFO - Начало работы функции маскировки номера карты
2025-12-07 23:33:14,628 - masks.py - get_mask_card_number - INFO - Работа функции маскировки номера карты завершилась успешно
2025-12-07 23:33:14,628 - masks.py - get_mask_card_number - INFO - Начало работы функции маскировки номера карты
2025-12-07 23:33:14,628 - masks.py - get_mask_card_number - INFO - Работа функции маскировки номера карты завершилась успешно
2025-12-07 23:33:14,628 - masks.py - get_mask_card_number - INFO - Начало работы функции маскировки номера карты
2025-12-07 23:33:14,628 - masks.py - get_mask_card_number - INFO - Работа функции маскировки номера карты завершилась успешно
