2025-11-26 23:07:43,144 - utils.py - transactions_data - INFO - Начало работы функции
2025-11-26 23:07:43,144 - utils.py - transactions_data - INFO - Открываем json файл
2025-11-26 23:07:43,145 - utils.py - transactions_data - INFO - Работа функции завершилась успешно
2025-11-26 23:07:43,146 - utils.py - transactions_data - INFO - Начало работы функции
2025-11-26 23:07:43,147 - utils.py - transactions_data - INFO - Открываем json файл
2025-11-26 23:07:43,147 - utils.py - transactions_data - ERROR - Ошибка: файл 'nonexistent_file.json' не найден.
2025-11-26 23:07:43,149 - utils.py - transactions_data - INFO - Начало работы функции
2025-11-26 23:07:43,150 - utils.py - transactions_data - INFO - Открываем json файл
2025-11-26 23:07:43,150 - utils.py - transactions_data - ERROR - Ошибка. Файл пуст
2025-11-26 23:07:43,153 - utils.py - transactions_data - INFO - Начало работы функции
2025-11-26 23:07:43,153 - utils.py - transactions_data - INFO - Открываем json файл
2025-11-26 23:07:43,153 - utils.py - transactions_data - ERROR - Ошибка декодирования файла
2025-11-26 23:07:43,156 - utils.py - transactions_data - INFO - Начало работы функции
2025-11-26 23:07:43,156 - utils.py - transactions_data - INFO - Открываем json файл
2025-11-26 23:07:43,156 - utils.py - transactions_data - ERROR - Ошибка: файл не содержит список транзакций.
2025-11-26 23:07:43,159 - utils.py - transactions_data - INFO - Начало работы функции
2025-11-26 23:07:43,159 - utils.py - transactions_data - INFO - Открываем json файл
2025-11-26 23:07:43,159 - utils.py - transactions_data - ERROR - Ошибка декодирования файла
2025-11-26 23:07:43,162 - utils.py - transactions_data - INFO - Начало работы функции
2025-11-26 23:07:43,162 - utils.py - transactions_data - INFO - Открываем json файл
2025-11-26 23:07:43,163 - utils.py - transactions_data - INFO - Работа функции завершилась успешно
2025-11-26 23:07:43,165 - utils.py - transactions_data - INFO - Начало работы функции
2025-11-26 23:07:43,165 - utils.py - transactions_data - INFO - Открываем json файл
2025-11-26 23:07:43,166 - utils.py - transactions_data - INFO - Работа функции завершилась успешно
2025-11-26 23:07:43,168 - utils.py - transactions_data - INFO - Начало работы функции
2025-11-26 23:07:43,168 - utils.py - transactions_data - INFO - Открываем json файл
2025-11-26 23:07:43,169 - utils.py - transactions_data - ERROR - Ошибка декодирования файла
2025-11-26 23:07:43,171 - utils.py - transactions_data - INFO - Начало работы функции
2025-11-26 23:07:43,172 - utils.py - transactions_data - INFO - Открываем json файл
2025-11-26 23:07:43,172 - utils.py - transactions_data - INFO - Работа функции завершилась успешно
2025-11-26 23:07:43,175 - utils.py - transactions_data - INFO - Начало работы функции
2025-11-26 23:07:43,175 - utils.py - transactions_data - INFO - Открываем json файл
2025-11-26 23:07:43,175 - utils.py - transactions_data - INFO - Работа функции завершилась успешно
2025-11-26 23:07:43,177 - utils.py - transactions_data - INFO - Начало работы функции
2025-11-26 23:07:43,177 - utils.py - transactions_data - INFO - Открываем json файл
2025-11-26 23:07:43,177 - utils.py - transactions_data - ERROR - Произошла ошибка: Some unexpected error
2025-11-26 23:07:43,178 - utils.py - transactions_data - INFO - Начало работы функции
2025-11-26 23:07:43,178 - utils.py - transactions_data - INFO - Открываем json файл
2025-11-26 23:07:43,179 - utils.py - transactions_data - ERROR - Произошла ошибка: Permission denied
2025-11-26 23:07:43,195 - utils_table.py - transactions_data_csv - INFO - Начало работы функции
2025-11-26 23:07:43,195 - utils_table.py - transactions_data_csv - INFO - Читаем CSV файл
2025-11-26 23:07:43,198 - utils_table.py - transactions_data_csv - INFO - Работа функции завершилась успешно
2025-11-26 23:07:43,199 - utils_table.py - transactions_data_csv - INFO - Начало работы функции
2025-11-26 23:07:43,199 - utils_table.py - transactions_data_csv - INFO - Читаем CSV файл
2025-11-26 23:07:43,200 - utils_table.py - transactions_data_csv - ERROR - Ошибка: файл 'nonexistent.csv' не найден.
2025-11-26 23:07:43,201 - utils_table.py - transactions_data_csv - INFO - Начало работы функции
2025-11-26 23:07:43,201 - utils_table.py - transactions_data_csv - INFO - Читаем CSV файл
2025-11-26 23:07:43,201 - utils_table.py - transactions_data_csv - ERROR - Ошибка. Файл пуст
2025-11-26 23:07:43,203 - utils_table.py - transactions_data_csv - INFO - Начало работы функции
2025-11-26 23:07:43,203 - utils_table.py - transactions_data_csv - INFO - Читаем CSV файл
2025-11-26 23:07:43,203 - utils_table.py - transactions_data_csv - ERROR - Ошибка парсинга: Ошибка парсинга
2025-11-26 23:07:43,204 - utils_table.py - transactions_data_csv - INFO - Начало работы функции
2025-11-26 23:07:43,205 - utils_table.py - transactions_data_csv - INFO - Читаем CSV файл
2025-11-26 23:07:43,205 - utils_table.py - transactions_data_csv - ERROR - Неверная кодировка файла
2025-11-26 23:07:43,206 - utils_table.py - transactions_data_csv - INFO - Начало работы функции
2025-11-26 23:07:43,206 - utils_table.py - transactions_data_csv - INFO - Читаем CSV файл
2025-11-26 23:07:43,206 - utils_table.py - transactions_data_csv - ERROR - Произошла ошибка: Произошла ошибка
2025-11-26 23:07:43,210 - utils_table.py - transactions_data_csv - INFO - Начало работы функции
2025-11-26 23:07:43,210 - utils_table.py - transactions_data_csv - INFO - Читаем CSV файл
2025-11-26 23:07:43,213 - utils_table.py - transactions_data_xlsx - INFO - Начало работы функции
2025-11-26 23:07:43,213 - utils_table.py - transactions_data_xlsx - INFO - Читаем xlsx файл
2025-11-26 23:07:43,214 - utils_table.py - transactions_data_xlsx - INFO - Работа функции завершилась успешно
2025-11-26 23:07:43,215 - utils_table.py - transactions_data_xlsx - INFO - Начало работы функции
2025-11-26 23:07:43,215 - utils_table.py - transactions_data_xlsx - INFO - Читаем xlsx файл
2025-11-26 23:07:43,216 - utils_table.py - transactions_data_xlsx - ERROR - Ошибка: файл 'nonexistent.xlsx' не найден.
2025-11-26 23:07:43,217 - utils_table.py - transactions_data_xlsx - INFO - Начало работы функции
2025-11-26 23:07:43,217 - utils_table.py - transactions_data_xlsx - INFO - Читаем xlsx файл
2025-11-26 23:07:43,217 - utils_table.py - transactions_data_xlsx - ERROR - Ошибка. Файл пуст
2025-11-26 23:07:43,219 - utils_table.py - transactions_data_xlsx - INFO - Начало работы функции
2025-11-26 23:07:43,219 - utils_table.py - transactions_data_xlsx - INFO - Читаем xlsx файл
2025-11-26 23:07:43,219 - utils_table.py - transactions_data_xlsx - ERROR - Ошибка парсинга: Ошибка парсинга
2025-11-26 23:07:43,220 - utils_table.py - transactions_data_xlsx - INFO - Начало работы функции
2025-11-26 23:07:43,221 - utils_table.py - transactions_data_xlsx - INFO - Читаем xlsx файл
2025-11-26 23:07:43,221 - utils_table.py - transactions_data_xlsx - ERROR - Неверная кодировка файла
2025-11-26 23:07:43,222 - utils_table.py - transactions_data_xlsx - INFO - Начало работы функции
2025-11-26 23:07:43,222 - utils_table.py - transactions_data_xlsx - INFO - Читаем xlsx файл
2025-11-26 23:07:43,222 - utils_table.py - transactions_data_xlsx - ERROR - Произошла ошибка: Произошла ошибка
2025-11-26 23:07:43,226 - utils_table.py - transactions_data_xlsx - INFO - Начало работы функции
2025-11-26 23:07:43,226 - utils_table.py - transactions_data_xlsx - INFO - Читаем xlsx файл
