2025-12-07 23:52:18,340 - utils.py - transactions_data - INFO - Начало работы функции
2025-12-07 23:52:18,340 - utils.py - transactions_data - INFO - Открываем json файл
2025-12-07 23:52:18,340 - utils.py - transactions_data - INFO - Работа функции завершилась успешно
2025-12-07 23:52:18,342 - utils.py - transactions_data - INFO - Начало работы функции
2025-12-07 23:52:18,342 - utils.py - transactions_data - INFO - Открываем json файл
2025-12-07 23:52:18,342 - utils.py - transactions_data - ERROR - Ошибка: файл 'nonexistent_file.json' не найден.
2025-12-07 23:52:18,345 - utils.py - transactions_data - INFO - Начало работы функции
2025-12-07 23:52:18,345 - utils.py - transactions_data - INFO - Открываем json файл
2025-12-07 23:52:18,345 - utils.py - transactions_data - ERROR - Ошибка. Файл пуст
2025-12-07 23:52:18,348 - utils.py - transactions_data - INFO - Начало работы функции
2025-12-07 23:52:18,348 - utils.py - transactions_data - INFO - Открываем json файл
2025-12-07 23:52:18,348 - utils.py - transactions_data - ERROR - Ошибка декодирования файла
2025-12-07 23:52:18,351 - utils.py - transactions_data - INFO - Начало работы функции
2025-12-07 23:52:18,351 - utils.py - transactions_data - INFO - Открываем json файл
2025-12-07 23:52:18,352 - utils.py - transactions_data - ERROR - Ошибка: файл не содержит список транзакций.
2025-12-07 23:52:18,354 - utils.py - transactions_data - INFO - Начало работы функции
2025-12-07 23:52:18,354 - utils.py - transactions_data - INFO - Открываем json файл
2025-12-07 23:52:18,355 - utils.py - transactions_data - ERROR - Ошибка декодирования файла
2025-12-07 23:52:18,357 - utils.py - transactions_data - INFO - Начало работы функции
2025-12-07 23:52:18,358 - utils.py - transactions_data - INFO - Открываем json файл
2025-12-07 23:52:18,358 - utils.py - transactions_data - INFO - Работа функции завершилась успешно
2025-12-07 23:52:18,360 - utils.py - transactions_data - INFO - Начало работы функции
2025-12-07 23:52:18,361 - utils.py - transactions_data - INFO - Открываем json файл
2025-12-07 23:52:18,361 - utils.py - transactions_data - INFO - Работа функции завершилась успешно
2025-12-07 23:52:18,364 - utils.py - transactions_data - INFO - Начало работы функции
2025-12-07 23:52:18,364 - utils.py - transactions_data - INFO - Открываем json файл
2025-12-07 23:52:18,364 - utils.py - transactions_data - ERROR - Ошибка декодирования файла
2025-12-07 23:52:18,367 - utils.py - transactions_data - INFO - Начало работы функции
2025-12-07 23:52:18,367 - utils.py - transactions_data - INFO - Открываем json файл
2025-12-07 23:52:18,367 - utils.py - transactions_data - INFO - Работа функции завершилась успешно
2025-12-07 23:52:18,370 - utils.py - transactions_data - INFO - Начало работы функции
2025-12-07 23:52:18,370 - utils.py - transactions_data - INFO - Открываем json файл
2025-12-07 23:52:18,371 - utils.py - transactions_data - INFO - Работа функции завершилась успешно
2025-12-07 23:52:18,372 - utils.py - transactions_data - INFO - Начало работы функции
2025-12-07 23:52:18,372 - utils.py - transactions_data - INFO - Открываем json файл
2025-12-07 23:52:18,372 - utils.py - transactions_data - ERROR - Произошла ошибка: Some unexpected error
2025-12-07 23:52:18,374 - utils.py - transactions_data - INFO - Начало работы функции
2025-12-07 23:52:18,374 - utils.py - transactions_data - INFO - Открываем json файл
2025-12-07 23:52:18,374 - utils.py - transactions_data - ERROR - Произошла ошибка: Permission denied
2025-12-07 23:52:18,391 - utils_table.py - transactions_data_csv - INFO - Начало работы функции
2025-12-07 23:52:18,391 - utils_table.py - transactions_data_csv - INFO - Читаем CSV файл
2025-12-07 23:52:18,394 - utils_table.py - transactions_data_csv - INFO - Работа функции завершилась успешно
2025-12-07 23:52:18,395 - utils_table.py - transactions_data_csv - INFO - Начало работы функции
2025-12-07 23:52:18,395 - utils_table.py - transactions_data_csv - INFO - Читаем CSV файл
2025-12-07 23:52:18,395 - utils_table.py - transactions_data_csv - ERROR - Ошибка: файл 'nonexistent.csv' не найден.
2025-12-07 23:52:18,397 - utils_table.py - transactions_data_csv - INFO - Начало работы функции
2025-12-07 23:52:18,397 - utils_table.py - transactions_data_csv - INFO - Читаем CSV файл
2025-12-07 23:52:18,397 - utils_table.py - transactions_data_csv - ERROR - Ошибка. Файл пуст
2025-12-07 23:52:18,399 - utils_table.py - transactions_data_csv - INFO - Начало работы функции
2025-12-07 23:52:18,399 - utils_table.py - transactions_data_csv - INFO - Читаем CSV файл
2025-12-07 23:52:18,399 - utils_table.py - transactions_data_csv - ERROR - Ошибка парсинга: Ошибка парсинга
2025-12-07 23:52:18,401 - utils_table.py - transactions_data_csv - INFO - Начало работы функции
2025-12-07 23:52:18,401 - utils_table.py - transactions_data_csv - INFO - Читаем CSV файл
2025-12-07 23:52:18,401 - utils_table.py - transactions_data_csv - ERROR - Неверная кодировка файла
2025-12-07 23:52:18,402 - utils_table.py - transactions_data_csv - INFO - Начало работы функции
2025-12-07 23:52:18,402 - utils_table.py - transactions_data_csv - INFO - Читаем CSV файл
2025-12-07 23:52:18,403 - utils_table.py - transactions_data_csv - ERROR - Произошла ошибка: Произошла ошибка
2025-12-07 23:52:18,407 - utils_table.py - transactions_data_csv - INFO - Начало работы функции
2025-12-07 23:52:18,407 - utils_table.py - transactions_data_csv - INFO - Читаем CSV файл
2025-12-07 23:52:18,409 - utils_table.py - transactions_data_xlsx - INFO - Начало работы функции
2025-12-07 23:52:18,410 - utils_table.py - transactions_data_xlsx - INFO - Читаем xlsx файл
2025-12-07 23:52:18,411 - utils_table.py - transactions_data_xlsx - INFO - Работа функции завершилась успешно
2025-12-07 23:52:18,412 - utils_table.py - transactions_data_xlsx - INFO - Начало работы функции
2025-12-07 23:52:18,412 - utils_table.py - transactions_data_xlsx - INFO - Читаем xlsx файл
2025-12-07 23:52:18,412 - utils_table.py - transactions_data_xlsx - ERROR - Ошибка: файл 'nonexistent.xlsx' не найден.
2025-12-07 23:52:18,414 - utils_table.py - transactions_data_xlsx - INFO - Начало работы функции
2025-12-07 23:52:18,414 - utils_table.py - transactions_data_xlsx - INFO - Читаем xlsx файл
2025-12-07 23:52:18,414 - utils_table.py - transactions_data_xlsx - ERROR - Ошибка. Файл пуст
2025-12-07 23:52:18,415 - utils_table.py - transactions_data_xlsx - INFO - Начало работы функции
2025-12-07 23:52:18,416 - utils_table.py - transactions_data_xlsx - INFO - Читаем xlsx файл
2025-12-07 23:52:18,416 - utils_table.py - transactions_data_xlsx - ERROR - Ошибка парсинга: Ошибка парсинга
2025-12-07 23:52:18,417 - utils_table.py - transactions_data_xlsx - INFO - Начало работы функции
2025-12-07 23:52:18,417 - utils_table.py - transactions_data_xlsx - INFO - Читаем xlsx файл
2025-12-07 23:52:18,417 - utils_table.py - transactions_data_xlsx - ERROR - Неверная кодировка файла
2025-12-07 23:52:18,419 - utils_table.py - transactions_data_xlsx - INFO - Начало работы функции
2025-12-07 23:52:18,419 - utils_table.py - transactions_data_xlsx - INFO - Читаем xlsx файл
2025-12-07 23:52:18,419 - utils_table.py - transactions_data_xlsx - ERROR - Произошла ошибка: Произошла ошибка
2025-12-07 23:52:18,423 - utils_table.py - transactions_data_xlsx - INFO - Начало работы функции
2025-12-07 23:52:18,423 - utils_table.py - transactions_data_xlsx - INFO - Читаем xlsx файл
